// Jest Snapshot v1, https://goo.gl/fbAQLP

exports[`Ed25519 Original should generate key 1`] = `
Object {
  "privateKey": CryptoKey Object {
    "algorithm": Object {
      "name": "Ed25519",
    },
    "extractable": true,
    "type": "private",
    "usages": Array [
      "sign",
    ],
  },
  "publicKey": CryptoKey Object {
    "algorithm": Object {
      "name": "Ed25519",
    },
    "extractable": true,
    "type": "public",
    "usages": Array [
      "verify",
    ],
  },
}
`;

exports[`Ed25519 Proxied should generate key 1`] = `
Object {
  "privateKey": CryptoKey Object {
    "algorithm": Object {
      "name": "Ed25519",
    },
    "extractable": true,
    "type": "private",
    "usages": Array [
      "sign",
    ],
  },
  "publicKey": CryptoKey Object {
    "algorithm": Object {
      "name": "Ed25519",
    },
    "extractable": true,
    "type": "public",
    "usages": Array [
      "verify",
    ],
  },
}
`;
