// Jest Snapshot v1, https://goo.gl/fbAQLP

exports[`HMAC Original should generate key 1`] = `
CryptoKey Object {
  "algorithm": Object {
    "hash": Object {
      "name": "SHA-512",
    },
    "length": 1024,
    "name": "HMAC",
  },
  "extractable": true,
  "type": "secret",
  "usages": Array [
    "sign",
    "verify",
  ],
}
`;

exports[`HMAC Proxied should generate key 1`] = `
CryptoKey Object {
  "algorithm": Object {
    "hash": Object {
      "name": "SHA-512",
    },
    "length": 1024,
    "name": "HMAC",
  },
  "extractable": true,
  "type": "secret",
  "usages": Array [
    "sign",
    "verify",
  ],
}
`;
