// Jest Snapshot v1, https://goo.gl/fbAQLP

exports[`RSASSA_PKCS1_v1_5 Original should generate key 1`] = `
Object {
  "privateKey": CryptoKey Object {
    "algorithm": Object {
      "hash": Object {
        "name": "SHA-512",
      },
      "modulusLength": 4096,
      "name": "RSASSA-PKCS1-v1_5",
      "publicExponent": Uint8Array [
        1,
        0,
        1,
      ],
    },
    "extractable": true,
    "type": "private",
    "usages": Array [
      "sign",
    ],
  },
  "publicKey": CryptoKey Object {
    "algorithm": Object {
      "hash": Object {
        "name": "SHA-512",
      },
      "modulusLength": 4096,
      "name": "RSASSA-PKCS1-v1_5",
      "publicExponent": Uint8Array [
        1,
        0,
        1,
      ],
    },
    "extractable": true,
    "type": "public",
    "usages": Array [
      "verify",
    ],
  },
}
`;

exports[`RSASSA_PKCS1_v1_5 Proxied should generate key 1`] = `
Object {
  "privateKey": CryptoKey Object {
    "algorithm": Object {
      "hash": Object {
        "name": "SHA-512",
      },
      "modulusLength": 4096,
      "name": "RSASSA-PKCS1-v1_5",
      "publicExponent": Uint8Array [
        1,
        0,
        1,
      ],
    },
    "extractable": true,
    "type": "private",
    "usages": Array [
      "sign",
    ],
  },
  "publicKey": CryptoKey Object {
    "algorithm": Object {
      "hash": Object {
        "name": "SHA-512",
      },
      "modulusLength": 4096,
      "name": "RSASSA-PKCS1-v1_5",
      "publicExponent": Uint8Array [
        1,
        0,
        1,
      ],
    },
    "extractable": true,
    "type": "public",
    "usages": Array [
      "verify",
    ],
  },
}
`;
