// Jest Snapshot v1, https://goo.gl/fbAQLP

exports[`RSASSA_PKCS1_v1_5 Original should generate key 1`] = `
Object {
  "privateKey": CryptoKey {
    Symbol(kKeyObject): PrivateKeyObject {
      Symbol(kKeyType): "private",
    },
    Symbol(kAlgorithm): Object {
      "hash": Object {
        "name": "SHA-512",
      },
      "modulusLength": 4096,
      "name": "RSASSA-PKCS1-v1_5",
      "publicExponent": Uint8Array [
        1,
        0,
        1,
      ],
    },
    Symbol(kExtractable): true,
    Symbol(kKeyUsages): Array [
      "sign",
    ],
  },
  "publicKey": CryptoKey {
    Symbol(kKeyObject): PublicKeyObject {
      Symbol(kKeyType): "public",
    },
    Symbol(kAlgorithm): Object {
      "hash": Object {
        "name": "SHA-512",
      },
      "modulusLength": 4096,
      "name": "RSASSA-PKCS1-v1_5",
      "publicExponent": Uint8Array [
        1,
        0,
        1,
      ],
    },
    Symbol(kExtractable): true,
    Symbol(kKeyUsages): Array [
      "verify",
    ],
  },
}
`;

exports[`RSASSA_PKCS1_v1_5 Proxied should generate key 1`] = `
Object {
  "privateKey": CryptoKey {
    Symbol(kKeyObject): PrivateKeyObject {
      Symbol(kKeyType): "private",
    },
    Symbol(kAlgorithm): Object {
      "hash": Object {
        "name": "SHA-512",
      },
      "modulusLength": 4096,
      "name": "RSASSA-PKCS1-v1_5",
      "publicExponent": Uint8Array [
        1,
        0,
        1,
      ],
    },
    Symbol(kExtractable): true,
    Symbol(kKeyUsages): Array [
      "sign",
    ],
  },
  "publicKey": CryptoKey {
    Symbol(kKeyObject): PublicKeyObject {
      Symbol(kKeyType): "public",
    },
    Symbol(kAlgorithm): Object {
      "hash": Object {
        "name": "SHA-512",
      },
      "modulusLength": 4096,
      "name": "RSASSA-PKCS1-v1_5",
      "publicExponent": Uint8Array [
        1,
        0,
        1,
      ],
    },
    Symbol(kExtractable): true,
    Symbol(kKeyUsages): Array [
      "verify",
    ],
  },
}
`;

exports[`RSASSA_PKCS1_v1_5 should generate key 1`] = `
Object {
  "privateKey": CryptoKey {
    Symbol(kKeyObject): PrivateKeyObject {
      Symbol(kKeyType): "private",
    },
    Symbol(kAlgorithm): Object {
      "hash": Object {
        "name": "SHA-512",
      },
      "modulusLength": 4096,
      "name": "RSASSA-PKCS1-v1_5",
      "publicExponent": Uint8Array [
        1,
        0,
        1,
      ],
    },
    Symbol(kExtractable): true,
    Symbol(kKeyUsages): Array [
      "sign",
    ],
  },
  "publicKey": CryptoKey {
    Symbol(kKeyObject): PublicKeyObject {
      Symbol(kKeyType): "public",
    },
    Symbol(kAlgorithm): Object {
      "hash": Object {
        "name": "SHA-512",
      },
      "modulusLength": 4096,
      "name": "RSASSA-PKCS1-v1_5",
      "publicExponent": Uint8Array [
        1,
        0,
        1,
      ],
    },
    Symbol(kExtractable): true,
    Symbol(kKeyUsages): Array [
      "verify",
    ],
  },
}
`;
